[    0.000000] Linux version 4.15.0-74-generic (buildd@lcy01-amd64-022) (gcc version 7.4.0 (Ubuntu 7.4.0-1ubuntu1~18.04.1)) #84-Ubuntu SMP Thu Dec 19 08:06:28 UTC 2019 (Ubuntu 4.15.0-74.84-generic 4.15.18)
[    0.000000] Command line: BOOT_IMAGE=/boot/vmlinuz-4.15.0-74-generic root=LABEL=cloudimg-rootfs ro console=tty1 console=ttyS0
[    0.000000] KERNEL supported cpus:
[    0.000000]   Intel GenuineIntel
[    0.000000]   AMD AuthenticAMD
[    0.000000]   Centaur CentaurHauls
[    0.000000] x86/fpu: Supporting XSAVE feature 0x001: 'x87 floating point registers'
[    0.000000] x86/fpu: Supporting XSAVE feature 0x002: 'SSE registers'
[    0.000000] x86/fpu: Supporting XSAVE feature 0x004: 'AVX registers'
[    0.000000] x86/fpu: xstate_offset[2]:  576, xstate_sizes[2]:  256
[    0.000000] x86/fpu: Enabled xstate features 0x7, context size is 832 bytes, using 'standard' format.
[    0.000000] e820: BIOS-provided physical RAM map:
[    0.000000] BIOS-e820: [mem 0x0000000000000000-0x000000000009fbff] usable
[    0.000000] BIOS-e820: [mem 0x000000000009fc00-0x000000000009ffff] reserved
[    0.000000] BIOS-e820: [mem 0x00000000000f0000-0x00000000000fffff] reserved
[    0.000000] BIOS-e820: [mem 0x0000000000100000-0x000000003ffeffff] usable
[    0.000000] BIOS-e820: [mem 0x000000003fff0000-0x000000003fffffff] ACPI data
[    0.000000] BIOS-e820: [mem 0x00000000fec00000-0x00000000fec00fff] reserved
[    0.000000] BIOS-e820: [mem 0x00000000fee00000-0x00000000fee00fff] reserved
[    0.000000] BIOS-e820: [mem 0x00000000fffc0000-0x00000000ffffffff] reserved
[    0.000000] NX (Execute Disable) protection: active
[    0.000000] SMBIOS 2.5 present.
[    0.000000] DMI: innotek GmbH VirtualBox/VirtualBox, BIOS VirtualBox 12/01/2006
[    0.000000] Hypervisor detected: KVM
[    0.000000] e820: last_pfn = 0x3fff0 max_arch_pfn = 0x400000000
[    0.000000] MTRR: Disabled
[    0.000000] x86/PAT: MTRRs disabled, skipping PAT initialization too.
[    0.000000] CPU MTRRs all blank - virtualized system.
[    0.000000] x86/PAT: Configuration [0-7]: WB  WT  UC- UC  WB  WT  UC- UC  
[    0.000000] found SMP MP-table at [mem 0x0009fff0-0x0009ffff]
[    0.000000] Scanning 1 areas for low memory corruption
[    0.000000] RAMDISK: [mem 0x35a6b000-0x36d2cfff]
[    0.000000] ACPI: Early table checksum verification disabled
[    0.000000] ACPI: RSDP 0x00000000000E0000 000024 (v02 VBOX  )
[    0.000000] ACPI: XSDT 0x000000003FFF0030 00003C (v01 VBOX   VBOXXSDT 00000001 ASL  00000061)
[    0.000000] ACPI: FACP 0x000000003FFF00F0 0000F4 (v04 VBOX   VBOXFACP 00000001 ASL  00000061)
[    0.000000] ACPI: DSDT 0x000000003FFF0470 0022E9 (v02 VBOX   VBOXBIOS 00000002 INTL 20180105)
[    0.000000] ACPI: FACS 0x000000003FFF0200 000040
[    0.000000] ACPI: FACS 0x000000003FFF0200 000040
[    0.000000] ACPI: APIC 0x000000003FFF0240 00005C (v02 VBOX   VBOXAPIC 00000001 ASL  00000061)
[    0.000000] ACPI: SSDT 0x000000003FFF02A0 0001CC (v01 VBOX   VBOXCPUT 00000002 INTL 20180105)
[    0.000000] No NUMA configuration found
[    0.000000] Faking a node at [mem 0x0000000000000000-0x000000003ffeffff]
[    0.000000] NODE_DATA(0) allocated [mem 0x3ffc5000-0x3ffeffff]
[    0.000000] kvm-clock: cpu 0, msr 0:3ff44001, primary cpu clock
[    0.000000] kvm-clock: Using msrs 4b564d01 and 4b564d00
[    0.000000] kvm-clock: using sched offset of 3509757972 cycles
[    0.000000] clocksource: kvm-clock: mask: 0xffffffffffffffff max_cycles: 0x1cd42e4dffb, max_idle_ns: 881590591483 ns
[    0.000000] Zone ranges:
[    0.000000]   DMA      [mem 0x0000000000001000-0x0000000000ffffff]
[    0.000000]   DMA32    [mem 0x0000000001000000-0x000000003ffeffff]
[    0.000000]   Normal   empty
[    0.000000]   Device   empty
[    0.000000] Movable zone start for each node
[    0.000000] Early memory node ranges
[    0.000000]   node   0: [mem 0x0000000000001000-0x000000000009efff]
[    0.000000]   node   0: [mem 0x0000000000100000-0x000000003ffeffff]
[    0.000000] Reserved but unavailable: 98 pages
[    0.000000] Initmem setup node 0 [mem 0x0000000000001000-0x000000003ffeffff]
[    0.000000] ACPI: PM-Timer IO Port: 0x4008
[    0.000000] IOAPIC[0]: apic_id 2, version 32, address 0xfec00000, GSI 0-23
[    0.000000] ACPI: INT_SRC_OVR (bus 0 bus_irq 0 global_irq 2 dfl dfl)
[    0.000000] ACPI: INT_SRC_OVR (bus 0 bus_irq 9 global_irq 9 low level)
[    0.000000] Using ACPI (MADT) for SMP configuration information
[    0.000000] smpboot: Allowing 2 CPUs, 0 hotplug CPUs
[    0.000000] PM: Registered nosave memory: [mem 0x00000000-0x00000fff]
[    0.000000] PM: Registered nosave memory: [mem 0x0009f000-0x0009ffff]
[    0.000000] PM: Registered nosave memory: [mem 0x000a0000-0x000effff]
[    0.000000] PM: Registered nosave memory: [mem 0x000f0000-0x000fffff]
[    0.000000] e820: [mem 0x40000000-0xfebfffff] available for PCI devices
[    0.000000] Booting paravirtualized kernel on KVM
[    0.000000] clocksource: refined-jiffies: mask: 0xffffffff max_cycles: 0xffffffff, max_idle_ns: 7645519600211568 ns
[    0.000000] random: get_random_bytes called from start_kernel+0x99/0x4fd with crng_init=0
[    0.000000] setup_percpu: NR_CPUS:8192 nr_cpumask_bits:2 nr_cpu_ids:2 nr_node_ids:1
[    0.000000] percpu: Embedded 45 pages/cpu s147456 r8192 d28672 u1048576
[    0.000000] PV qspinlock hash table entries: 256 (order: 0, 4096 bytes)
[    0.000000] Built 1 zonelists, mobility grouping on.  Total pages: 257913
[    0.000000] Policy zone: DMA32
[    0.000000] Kernel command line: BOOT_IMAGE=/boot/vmlinuz-4.15.0-74-generic root=LABEL=cloudimg-rootfs ro console=tty1 console=ttyS0
[    0.000000] Memory: 983072K/1048120K available (12300K kernel code, 2481K rwdata, 4260K rodata, 2428K init, 2704K bss, 65048K reserved, 0K cma-reserved)
[    0.000000] SLUB: HWalign=64, Order=0-3, MinObjects=0, CPUs=2, Nodes=1
[    0.000000] Kernel/User page tables isolation: enabled
[    0.000000] ftrace: allocating 39322 entries in 154 pages
[    0.004000] Hierarchical RCU implementation.
[    0.004000] 	RCU restricting CPUs from NR_CPUS=8192 to nr_cpu_ids=2.
[    0.004000] 	Tasks RCU enabled.
[    0.004000] RCU: Adjusting geometry for rcu_fanout_leaf=16, nr_cpu_ids=2
[    0.004000] NR_IRQS: 524544, nr_irqs: 440, preallocated irqs: 16
[    0.004000] Console: colour VGA+ 80x25
[    0.004000] console [tty1] enabled
[    0.004000] console [ttyS0] enabled
[    0.004000] ACPI: Core revision 20170831
[    0.004000] ACPI: 2 ACPI AML tables successfully acquired and loaded
[    0.004000] APIC: Switch to symmetric I/O mode setup
[    0.004000] x2apic enabled
[    0.004000] Switched APIC routing to physical x2apic.
[    0.004000] ..TIMER: vector=0x30 apic1=0 pin1=2 apic2=-1 pin2=-1
[    0.004003] tsc: Detected 3421.000 MHz processor
[    0.004639] Calibrating delay loop (skipped) preset value.. 6842.00 BogoMIPS (lpj=13684000)
[    0.005114] pid_max: default: 32768 minimum: 301
[    0.005767] Security Framework initialized
[    0.006324] Yama: becoming mindful.
[    0.006827] AppArmor: AppArmor initialized
[    0.008556] Dentry cache hash table entries: 131072 (order: 8, 1048576 bytes)
[    0.009556] Inode-cache hash table entries: 65536 (order: 7, 524288 bytes)
[    0.010441] Mount-cache hash table entries: 2048 (order: 2, 16384 bytes)
[    0.011305] Mountpoint-cache hash table entries: 2048 (order: 2, 16384 bytes)
[    0.012234] Last level iTLB entries: 4KB 128, 2MB 8, 4MB 8
[    0.012977] Last level dTLB entries: 4KB 64, 2MB 0, 4MB 0, 1GB 4
[    0.013758] Spectre V1 : Mitigation: usercopy/swapgs barriers and __user pointer sanitization
[    0.014898] Spectre V2 : Mitigation: Full generic retpoline
[    0.016002] Spectre V2 : Spectre v2 / SpectreRSB mitigation: Filling RSB on context switch
[    0.017080] Speculative Store Bypass: Vulnerable
[    0.017734] MDS: Mitigation: Clear CPU buffers
[    0.018519] Freeing SMP alternatives memory: 36K
[    0.129412] APIC calibration not consistent with PM-Timer: 102ms instead of 100ms
[    0.130618] APIC delta adjusted to PM-Timer: 6249821 (6394738)
[    0.131428] smpboot: CPU0: Intel(R) Core(TM) i5-7500 CPU @ 3.40GHz (family: 0x6, model: 0x9e, stepping: 0x9)
[    0.132000] Performance Events: unsupported p6 CPU model 158 no PMU driver, software events only.
[    0.132000] Hierarchical SRCU implementation.
[    0.132000] NMI watchdog: Perf event create on CPU 0 failed with -2
[    0.132003] NMI watchdog: Perf NMI watchdog permanently disabled
[    0.132821] smp: Bringing up secondary CPUs ...
[    0.133513] x86: Booting SMP configuration:
[    0.134085] .... node  #0, CPUs:      #1
[    0.004000] kvm-clock: cpu 1, msr 0:3ff44041, secondary cpu clock
[    0.136018] smp: Brought up 1 node, 2 CPUs
[    0.136583] smpboot: Max logical packages: 1
[    0.137160] smpboot: Total of 2 processors activated (13684.00 BogoMIPS)
[    0.138131] devtmpfs: initialized
[    0.140054] x86/mm: Memory block size: 128MB
[    0.140780] evm: security.selinux
[    0.141263] evm: security.SMACK64
[    0.141728] evm: security.SMACK64EXEC
[    0.142232] evm: security.SMACK64TRANSMUTE
[    0.142784] evm: security.SMACK64MMAP
[    0.143291] evm: security.apparmor
[    0.144002] evm: security.ima
[    0.144429] evm: security.capability
[    0.144951] clocksource: jiffies: mask: 0xffffffff max_cycles: 0xffffffff, max_idle_ns: 7645041785100000 ns
[    0.145272] futex hash table entries: 512 (order: 3, 32768 bytes)
[    0.146471] pinctrl core: initialized pinctrl subsystem
[    0.148101] RTC time:  9:03:06, date: 01/28/20
[    0.148839] NET: Registered protocol family 16
[    0.149528] audit: initializing netlink subsys (disabled)
[    0.150254] audit: type=2000 audit(1580202191.623:1): state=initialized audit_enabled=0 res=1
[    0.150254] cpuidle: using governor ladder
[    0.152010] cpuidle: using governor menu
[    0.152581] ACPI: bus type PCI registered
[    0.153127] acpiphp: ACPI Hot Plug PCI Controller Driver version: 0.5
[    0.154032] PCI: Using configuration type 1 for base access
[    0.156256] HugeTLB registered 2.00 MiB page size, pre-allocated 0 pages
[    0.156891] ACPI: Added _OSI(Module Device)
[    0.156891] ACPI: Added _OSI(Processor Device)
[    0.157233] ACPI: Added _OSI(3.0 _SCP Extensions)
[    0.157856] ACPI: Added _OSI(Processor Aggregator Device)
[    0.160003] ACPI: Added _OSI(Linux-Dell-Video)
[    0.160597] ACPI: Added _OSI(Linux-Lenovo-NV-HDMI-Audio)
[    0.161294] ACPI: Added _OSI(Linux-HPI-Hybrid-Graphics)
[    0.162222] ACPI: Executed 1 blocks of module-level executable AML code
[    0.166677] ACPI: Interpreter enabled
[    0.167244] ACPI: (supports S0 S5)
[    0.167725] ACPI: Using IOAPIC for interrupt routing
[    0.168251] PCI: Using host bridge windows from ACPI; if necessary, use "pci=nocrs" and report a bug
[    0.169594] ACPI: Enabled 2 GPEs in block 00 to 07
[    0.176549] ACPI: PCI Root Bridge [PCI0] (domain 0000 [bus 00-ff])
[    0.177514] acpi PNP0A03:00: _OSC: OS supports [ASPM ClockPM Segments MSI]
[    0.178917] acpi PNP0A03:00: _OSC: not requesting OS control; OS requires [ExtendedConfig ASPM ClockPM MSI]
[    0.180000] acpi PNP0A03:00: fail to add MMCONFIG information, can't access extended PCI configuration space under this bridge.
[    0.184295] PCI host bridge to bus 0000:00
[    0.184873] pci_bus 0000:00: root bus resource [io  0x0000-0x0cf7 window]
[    0.185739] pci_bus 0000:00: root bus resource [io  0x0d00-0xffff window]
[    0.186596] pci_bus 0000:00: root bus resource [mem 0x000a0000-0x000bffff window]
[    0.188007] pci_bus 0000:00: root bus resource [mem 0x40000000-0xfdffffff window]
[    0.189019] pci_bus 0000:00: root bus resource [bus 00-ff]
[    0.191198] pci 0000:00:01.1: legacy IDE quirk: reg 0x10: [io  0x01f0-0x01f7]
[    0.192008] pci 0000:00:01.1: legacy IDE quirk: reg 0x14: [io  0x03f6]
[    0.192852] pci 0000:00:01.1: legacy IDE quirk: reg 0x18: [io  0x0170-0x0177]
[    0.193749] pci 0000:00:01.1: legacy IDE quirk: reg 0x1c: [io  0x0376]
[    0.206105] pci 0000:00:07.0: quirk: [io  0x4000-0x403f] claimed by PIIX4 ACPI
[    0.207269] pci 0000:00:07.0: quirk: [io  0x4100-0x410f] claimed by PIIX4 SMB
[    0.212524] ACPI: PCI Interrupt Link [LNKA] (IRQs 5 9 10 *11)
[    0.213768] ACPI: PCI Interrupt Link [LNKB] (IRQs 5 9 *10 11)
[    0.214645] ACPI: PCI Interrupt Link [LNKC] (IRQs 5 *9 10 11)
[    0.215518] ACPI: PCI Interrupt Link [LNKD] (IRQs 5 9 10 *11)
[    0.216342] SCSI subsystem initialized
[    0.216922] pci 0000:00:02.0: vgaarb: setting as boot VGA device
[    0.216922] pci 0000:00:02.0: vgaarb: VGA device added: decodes=io+mem,owns=io+mem,locks=none
[    0.217948] pci 0000:00:02.0: vgaarb: bridge control possible
[    0.220007] vgaarb: loaded
[    0.220432] ACPI: bus type USB registered
[    0.220997] usbcore: registered new interface driver usbfs
[    0.221728] usbcore: registered new interface driver hub
[    0.222444] usbcore: registered new device driver usb
[    0.223152] EDAC MC: Ver: 3.0.0
[    0.224187] PCI: Using ACPI for IRQ routing
[    0.224826] NetLabel: Initializing
[    0.225309] NetLabel:  domain hash size = 128
[    0.225893] NetLabel:  protocols = UNLABELED CIPSOv4 CALIPSO
[    0.226682] NetLabel:  unlabeled traffic allowed by default
[    0.227434] clocksource: Switched to clocksource kvm-clock
[    0.234027] VFS: Disk quotas dquot_6.6.0
[    0.234736] VFS: Dquot-cache hash table entries: 512 (order 0, 4096 bytes)
[    0.235712] AppArmor: AppArmor Filesystem Enabled
[    0.236417] pnp: PnP ACPI init
[    0.237794] pnp: PnP ACPI: found 3 devices
[    0.245829] clocksource: acpi_pm: mask: 0xffffff max_cycles: 0xffffff, max_idle_ns: 2085701024 ns
[    0.247078] NET: Registered protocol family 2
[    0.247834] TCP established hash table entries: 8192 (order: 4, 65536 bytes)
[    0.248790] TCP bind hash table entries: 8192 (order: 5, 131072 bytes)
[    0.249998] TCP: Hash tables configured (established 8192 bind 8192)
[    0.250869] UDP hash table entries: 512 (order: 2, 16384 bytes)
[    0.251648] UDP-Lite hash table entries: 512 (order: 2, 16384 bytes)
[    0.252512] NET: Registered protocol family 1
[    0.253109] pci 0000:00:00.0: Limiting direct PCI/PCI transfers
[    0.253890] pci 0000:00:01.0: Activating ISA DMA hang workarounds
[    0.254706] pci 0000:00:02.0: Video device with shadowed ROM at [mem 0x000c0000-0x000dffff]
[    0.255869] Unpacking initramfs...
[    0.474578] Freeing initrd memory: 19208K
[    0.475905] clocksource: tsc: mask: 0xffffffffffffffff max_cycles: 0x314fcc6044b, max_idle_ns: 440795265813 ns
[    0.478168] platform rtc_cmos: registered platform RTC device (no PNP device found)
[    0.479961] Scanning for low memory corruption every 60 seconds
[    0.481838] Initialise system trusted keyrings
[    0.482892] Key type blacklist registered
[    0.483888] workingset: timestamp_bits=36 max_order=18 bucket_order=0
[    0.486345] zbud: loaded
[    0.487496] squashfs: version 4.0 (2009/01/31) Phillip Lougher
[    0.489066] fuse init (API version 7.26)
[    0.491398] Key type asymmetric registered
[    0.492392] Asymmetric key parser 'x509' registered
[    0.493561] Block layer SCSI generic (bsg) driver version 0.4 loaded (major 246)
[    0.495369] io scheduler noop registered
[    0.496329] io scheduler deadline registered
[    0.497351] io scheduler cfq registered (default)
[    0.498682] ACPI: AC Adapter [AC] (on-line)
[    0.499709] input: Power Button as /devices/LNXSYSTM:00/LNXPWRBN:00/input/input0
[    0.501280] ACPI: Power Button [PWRF]
[    0.501846] input: Sleep Button as /devices/LNXSYSTM:00/LNXSLPBN:00/input/input1
[    0.502839] ACPI: Sleep Button [SLPF]
[    0.509459] Serial: 8250/16550 driver, 32 ports, IRQ sharing enabled
[    0.531485] 00:02: ttyS0 at I/O 0x3f8 (irq = 4, base_baud = 115200) is a 16550A
[    0.541841] Linux agpgart interface v0.103
[    0.543621] loop: module loaded
[    0.544559] scsi host0: ata_piix
[    0.545134] scsi host1: ata_piix
[    0.545622] ata1: PATA max UDMA/33 cmd 0x1f0 ctl 0x3f6 bmdma 0xd000 irq 14
[    0.546495] ata2: PATA max UDMA/33 cmd 0x170 ctl 0x376 bmdma 0xd008 irq 15
[    0.547669] libphy: Fixed MDIO Bus: probed
[    0.548303] tun: Universal TUN/TAP device driver, 1.6
[    0.549053] PPP generic driver version 2.4.2
[    0.549775] ehci_hcd: USB 2.0 'Enhanced' Host Controller (EHCI) Driver
[    0.550640] ehci-pci: EHCI PCI platform driver
[    0.551247] ehci-platform: EHCI generic platform driver
[    0.551917] ohci_hcd: USB 1.1 'Open' Host Controller (OHCI) Driver
[    0.552742] ohci-pci: OHCI PCI platform driver
[    0.553330] ohci-platform: OHCI generic platform driver
[    0.553999] uhci_hcd: USB Universal Host Controller Interface driver
[    0.554858] i8042: PNP: PS/2 Controller [PNP0303:PS2K,PNP0f03:PS2M] at 0x60,0x64 irq 1,12
[    0.556377] serio: i8042 KBD port at 0x60,0x64 irq 1
[    0.557044] serio: i8042 AUX port at 0x60,0x64 irq 12
[    0.557894] mousedev: PS/2 mouse device common for all mice
[    0.558987] input: AT Translated Set 2 keyboard as /devices/platform/i8042/serio0/input/input2
[    0.560470] rtc_cmos rtc_cmos: rtc core: registered rtc_cmos as rtc0
[    0.561316] rtc_cmos rtc_cmos: alarms up to one day, 114 bytes nvram
[    0.562113] i2c /dev entries driver
[    0.562665] device-mapper: uevent: version 1.0.3
[    0.563348] device-mapper: ioctl: 4.37.0-ioctl (2017-09-20) initialised: dm-devel@redhat.com
[    0.564546] ledtrig-cpu: registered to indicate activity on CPUs
[    0.565675] NET: Registered protocol family 10
[    0.569320] Segment Routing with IPv6
[    0.569870] NET: Registered protocol family 17
[    0.570524] Key type dns_resolver registered
[    0.571257] mce: Using 0 MCE banks
[    0.574851] RAS: Correctable Errors collector initialized.
[    0.575615] sched_clock: Marking stable (574834954, 0)->(733243188, -158408234)
[    0.577004] registered taskstats version 1
[    0.577593] Loading compiled-in X.509 certificates
[    0.580213] Loaded X.509 cert 'Build time autogenerated kernel key: 62d24f9c726e026b112735485dad6e6e4b50c923'
[    0.581619] zswap: loaded using pool lzo/zbud
[    0.585351] Key type big_key registered
[    0.585934] Key type trusted registered
[    0.588068] Key type encrypted registered
[    0.588654] AppArmor: AppArmor sha1 policy hashing enabled
[    0.589374] ima: No TPM chip found, activating TPM-bypass! (rc=-19)
[    0.590198] ima: Allocated hash algorithm: sha1
[    0.590820] evm: HMAC attrs: 0x1
[    0.591458]   Magic number: 4:539:71
[    0.592075] rtc_cmos rtc_cmos: setting system clock to 2020-01-28 09:03:07 UTC (1580202187)
[    0.593270] BIOS EDD facility v0.16 2004-Jun-25, 0 devices found
[    0.594071] EDD information not available.
[    0.751697] Freeing unused kernel image memory: 2428K
[    0.760141] Write protecting the kernel read-only data: 20480k
[    0.765000] Freeing unused kernel image memory: 2008K
[    0.768572] Freeing unused kernel image memory: 1884K
[    0.791916] x86/mm: Checked W+X mappings: passed, no W+X pages found.
[    0.793282] x86/mm: Checking user space page tables
[    0.804660] x86/mm: Checked W+X mappings: passed, no W+X pages found.
Loading, please wait...
starting version 237
[    0.863774] e1000: Intel(R) PRO/1000 Network Driver - version 7.3.21-k8-NAPI
[    0.864875] e1000: Copyright (c) 1999-2006 Intel Corporation.
[    0.867986] Fusion MPT base driver 3.04.20
[    0.868635] Copyright (c) 1999-2008 LSI Corporation
[    0.872030] Fusion MPT SPI Host driver 3.04.20
[    0.884237] AVX2 version of gcm_enc/dec engaged.
[    0.885017] AES CTR mode by8 optimization enabled
[    1.081107] input: ImExPS/2 Generic Explorer Mouse as /devices/platform/i8042/serio1/input/input4
[    1.227611] e1000 0000:00:03.0 eth0: (PCI:33MHz:32-bit) 02:6f:f9:1e:39:dc
[    1.228613] e1000 0000:00:03.0 eth0: Intel(R) PRO/1000 Network Connection
[    1.230258] mptbase: ioc0: Initiating bringup
[    1.231467] e1000 0000:00:03.0 enp0s3: renamed from eth0
[    1.332712] ioc0: LSI53C1030 A0: Capabilities={Initiator}
[    1.581453] scsi host2: ioc0: LSI53C1030 A0, FwRev=00000000h, Ports=1, MaxQ=256, IRQ=20
[    1.753508] scsi 2:0:0:0: Direct-Access     VBOX     HARDDISK         1.0  PQ: 0 ANSI: 5
[    1.788277] scsi target2:0:0: Beginning Domain Validation
[    1.794517] scsi target2:0:0: Domain Validation skipping write tests
[    1.797832] scsi target2:0:0: Ending Domain Validation
[    1.800668] scsi target2:0:0: asynchronous
[    1.804042] scsi 2:0:1:0: Direct-Access     VBOX     HARDDISK         1.0  PQ: 0 ANSI: 5
[    1.836108] scsi target2:0:1: Beginning Domain Validation
[    1.841966] random: fast init done
[    1.847442] scsi target2:0:1: Domain Validation skipping write tests
[    1.860369] scsi target2:0:1: Ending Domain Validation
[    1.863438] scsi target2:0:1: asynchronous
[    1.874575] random: systemd-udevd: uninitialized urandom read (16 bytes read)
[    1.876786] sd 2:0:0:0: Attached scsi generic sg0 type 0
[    1.876805] random: systemd-udevd: uninitialized urandom read (16 bytes read)
[    1.879948] random: systemd-udevd: uninitialized urandom read (16 bytes read)
[    1.881688] sd 2:0:1:0: Attached scsi generic sg1 type 0
[    1.881857] sd 2:0:0:0: [sda] 20971520 512-byte logical blocks: (10.7 GB/10.0 GiB)
[    1.884518] sd 2:0:1:0: [sdb] 20480 512-byte logical blocks: (10.5 MB/10.0 MiB)
[    1.884687] sd 2:0:0:0: [sda] Write Protect is off
[    1.887047] sd 2:0:1:0: [sdb] Write Protect is off
[    1.887092] sd 2:0:0:0: [sda] Incomplete mode parameter data
[    1.888933] sd 2:0:0:0: [sda] Assuming drive cache: write through
[    1.890217] sd 2:0:1:0: [sdb] Incomplete mode parameter data
[    1.891203] sd 2:0:1:0: [sdb] Assuming drive cache: write through
[    1.907789]  sda: sda1
[    1.909137] sd 2:0:0:0: [sda] Attached SCSI disk
[    1.934744] sd 2:0:1:0: [sdb] Attached SCSI disk
Begin: Loading essential drivers ... [    3.444046] raid6: sse2x1   gen() 13003 MB/s
[    3.492045] raid6: sse2x1   xor()  9585 MB/s
[    3.540045] raid6: sse2x2   gen() 16496 MB/s
[    3.588047] raid6: sse2x2   xor() 11108 MB/s
[    3.636041] raid6: sse2x4   gen() 18614 MB/s
[    3.684041] raid6: sse2x4   xor() 11612 MB/s
[    3.732041] raid6: avx2x1   gen() 26232 MB/s
[    3.780007] raid6: avx2x1   xor() 16902 MB/s
[    3.828050] raid6: avx2x2   gen() 30519 MB/s
[    3.876040] raid6: avx2x2   xor() 20344 MB/s
[    3.924041] raid6: avx2x4   gen() 37095 MB/s
[    3.972042] raid6: avx2x4   xor() 22787 MB/s
[    3.975606] raid6: using algorithm avx2x4 gen() 37095 MB/s
[    3.980245] raid6: .... xor() 22787 MB/s, rmw enabled
[    3.981650] raid6: using avx2x2 recovery algorithm
[    3.983426] xor: automatically using best checksumming function   avx       
[    3.985809] async_tx: api initialized (async)
done.
Begin: Running /scripts/init-premount ... done.
Begin: Mounting root file system ... Begin: Running /scripts/local-top ... done.
Begin: Running /scripts/local-premount ... [    4.027593] Btrfs loaded, crc32c=crc32c-intel
Scanning for Btrfs filesystems
done.
Warning: fsck not present, so skipping root file system
[    4.070462] EXT4-fs (sda1): mounted filesystem with ordered data mode. Opts: (null)
done.
Begin: Running /scripts/local-bottom ... done.
Begin: Running /scripts/init-bottom ... done.
[    4.826296] ip_tables: (C) 2000-2006 Netfilter Core Team
[    4.892498] systemd[1]: systemd 237 running in system mode. (+PAM +AUDIT +SELINUX +IMA +APPARMOR +SMACK +SYSVINIT +UTMP +LIBCRYPTSETUP +GCRYPT +GNUTLS +ACL +XZ +LZ4 +SECCOMP +BLKID +ELFUTILS +KMOD -IDN2 +IDN -PCRE2 default-hierarchy=hybrid)
[    4.908642] systemd[1]: Detected virtualization oracle.
[    4.913149] systemd[1]: Detected architecture x86-64.

Welcome to [1mUbuntu 18.04.3 LTS[0m!

[    4.931866] systemd[1]: Set hostname to <ubuntu>.
[    4.976250] systemd[1]: Initializing machine ID from random generator.
[    4.986082] systemd[1]: Installed transient /etc/machine-id file.
[    6.004396] random: crng init done
[    6.015484] random: 7 urandom warning(s) missed due to ratelimiting
[    6.227515] systemd[1]: Created slice User and Session Slice.
[[0;32m  OK  [0m] Created slice User and Session Slice.
[    6.239094] systemd[1]: Reached target Swap.
[[0;32m  OK  [0m] Reached target Swap.
[    6.241343] systemd[1]: Set up automount Arbitrary Executable File Formats File System Automount Point.
[[0;32m  OK  [0m] Set up automount Arbitrary Executabâ€¦rmats File System Automount Point.
[    6.244886] systemd[1]: Started Forward Password Requests to Wall Directory Watch.
[[0;32m  OK  [0m] Started Forward Password Requests to Wall Directory Watch.
[[0;32m  OK  [0m] Reached target User and Group Name Lookups.
[[0;32m  OK  [0m] Reached target System Time Synchronized.
[[0;32m  OK  [0m] Created slice System Slice.
[[0;32m  OK  [0m] Listening on LVM2 poll daemon socket.
[[0;32m  OK  [0m] Listening on LVM2 metadata daemon socket.
[[0;32m  OK  [0m] Listening on Journal Socket.
[[0;32m  OK  [0m] Listening on udev Control Socket.
         Mounting POSIX Message Queue File System...
         Starting Set the console keyboard layout...
         Mounting Huge Pages File System...
[[0;32m  OK  [0m] Listening on Syslog Socket.
         Starting Load Kernel Modules...
[[0;32m  OK  [0m] Listening on Journal Audit Socket.
[[0;32m  OK  [0m] Listening on Journal Socket (/dev/log).
[[0;32m  OK  [0m] Listening on /dev/initctl Compatibility Named Pipe.
[[0;32m  OK  [0m] Listening on udev Kernel Socket.
         Starting udev Coldplug all Devices...
[[0;32m  OK  [0m] Created slice system-serial\x2dgetty.slice.
         Starting Create list of required stâ€¦ce nodes for the current kernel...
         Starting Remount Root and Kernel File Systems...
         Starting Journal Service...
         Starting Uncomplicated firewall...
[[0;32m  OK  [0m] Listening on Device-mapper event daemon FIFOs.
         Starting Monitoring of LVM2 mirrorsâ€¦ng dmeventd or progress polling...
[[0;32m  OK  [0m] Reached target Slices.
         Mounting Kernel Debug File System...
[[0;32m  OK  [0m] Listening on Network Service Netlink Socket.
[[0;32m  OK  [0m] Mounted POSIX Message Queue File System.
[[0;32m  OK  [0m] Mounted Huge Pages File System.
[[0;32m  OK  [0m] Mounted Kernel Debug File System.
[[0;32m  OK  [0m] Started Create list of required staâ€¦vice nodes for the current kernel.
         Starting Create Static Device Nodes in /dev...
[    6.393248] EXT4-fs (sda1): re-mounted. Opts: (null)
[[0;32m  OK  [0m] Started Remount Root and Kernel File Systems.
         Starting Load/Save Random Seed...
[    6.561615] Loading iSCSI transport class v2.0-870.
[[0;32m  OK  [0m] Started Journal Service.
[[0;32m  OK  [0m] Started Uncomplicated firewall.
[[0;32m  OK  [0m] Started udev Coldplug all Devices.
         Starting Flush Journal to Persistent Storage...
[[0;32m  OK  [0m] Started Load/Save Random Seed.
[[0;32m  OK  [0m] Started Create Static Device Nodes in /dev.
         Starting udev Kernel Device Manager...
[[0;32m  OK  [0m] Started LVM2 metadata daemon.
[    6.807112] iscsi: registered transport (tcp)
[    6.822799] systemd-journald[401]: Received request to flush runtime journal from PID 1
[[0;32m  OK  [0m] Started Set the console keyboard layout.
[[0;32m  OK  [0m] Started udev Kernel Device Manager.
[[0;32m  OK  [0m] Started Dispatch Password Requests to Console Directory Watch.
[[0;32m  OK  [0m] Reached target Local Encrypted Volumes.
[[0;32m  OK  [0m] Started Monitoring of LVM2 mirrors,â€¦sing dmeventd or progress polling.
[    7.085410] iscsi: registered transport (iser)
[[0;32m  OK  [0m] Reached target Local File Systems (Pre).
[[0;32m  OK  [0m] Reached target Local File Systems.
         Starting Tell Plymouth To Write Out Runtime Data...
         Starting Set console font and keymap...
         Starting AppArmor initialization...
         Starting Commit a transient machine-id on disk...
         Starting ebtables ruleset management...
[[0;32m  OK  [0m] Started Load Kernel Modules.
[[0;32m  OK  [0m] Started Flush Journal to Persistent Storage.
[[0;32m  OK  [0m] Started Tell Plymouth To Write Out Runtime Data.
         Starting Create Volatile Files and Directories...
         Mounting Kernel Configuration File System...
         Mounting FUSE Control File System...
         Starting Apply Kernel Variables...
[[0;32m  OK  [0m] Mounted FUSE Control File System.
[[0;32m  OK  [0m] Mounted Kernel Configuration File System.
[[0;32m  OK  [0m] Started Set console font and keymap.
[[0;32m  OK  [0m] Started Create Volatile Files and Directories.
         Starting Update UTMP about System Boot/Shutdown...
[[0;32m  OK  [0m] Started Apply Kernel Variables.
[[0;32m  OK  [0m] Started Update UTMP about System Boot/Shutdown.
[[0;32m  OK  [0m] Started Commit a transient machine-id on disk.
[[0;32m  OK  [0m] Found device /dev/ttyS0.
[[0;32m  OK  [0m] Started ebtables ruleset management.
[[0;32m  OK  [0m] Listening on Load/Save RF Kill Switch Status /dev/rfkill Watch.
[[0;32m  OK  [0m] Started AppArmor initialization.
         Starting Initial cloud-init job (pre-networking)...
[   12.430537] cloud-init[549]: Cloud-init v. 19.3-41-gc4735dd3-0ubuntu1~18.04.1 running 'init-local' at Tue, 28 Jan 2020 09:03:18 +0000. Up 11.78 seconds.
[[0;32m  OK  [0m] Started Initial cloud-init job (pre-networking).
[[0;32m  OK  [0m] Reached target Network (Pre).
         Starting Network Service...
[[0;32m  OK  [0m] Started Network Service.
         Starting Wait for Network to be Configured...
         Starting Network Name Resolution...
[[0;32m  OK  [0m] Started Network Name Resolution.
[[0;32m  OK  [0m] Reached target Network.
[[0;32m  OK  [0m] Reached target Host and Network Name Lookups.
[[0;32m  OK  [0m] Started Wait for Network to be Configured.
         Starting Initial cloud-init job (metadata service crawler)...
[   14.452597] cloud-init[673]: Cloud-init v. 19.3-41-gc4735dd3-0ubuntu1~18.04.1 running 'init' at Tue, 28 Jan 2020 09:03:21 +0000. Up 14.24 seconds.
[   14.456635] cloud-init[673]: ci-info: ++++++++++++++++++++++++++++++++++++++Net device info++++++++++++++++++++++++++++++++++++++
[   14.460210] cloud-init[673]: ci-info: +--------+------+----------------------------+---------------+--------+-------------------+
[   14.462895] cloud-init[673]: ci-info: | Device |  Up  |          Address           |      Mask     | Scope  |     Hw-Address    |
[   14.465041] cloud-init[673]: ci-info: +--------+------+----------------------------+---------------+--------+-------------------+
[   14.466248] cloud-init[673]: ci-info: | enp0s3 | True |         10.0.2.15          | 255.255.255.0 | global | 02:6f:f9:1e:39:dc |
[   14.467328] cloud-init[673]: ci-info: | enp0s3 | True | fe80::6f:f9ff:fe1e:39dc/64 |       .       |  link  | 02:6f:f9:1e:39:dc |
[   14.468219] cloud-init[673]: ci-info: |   lo   | True |         127.0.0.1          |   255.0.0.0   |  host  |         .         |
[   14.469362] cloud-init[673]: ci-info: |   lo   | True |          ::1/128           |       .       |  host  |         .         |
[   14.470652] cloud-init[673]: ci-info: +--------+------+----------------------------+---------------+--------+-------------------+
[   14.480301] cloud-init[673]: ci-info: ++++++++++++++++++++++++++++Route IPv4 info+++++++++++++++++++++++++++++
[   14.481728] cloud-init[673]: ci-info: +-------+-------------+----------+-----------------+-----------+-------+
[   14.486409] cloud-init[673]: ci-info: | Route | Destination | Gateway  |     Genmask     | Interface | Flags |
[   14.491207] cloud-init[673]: ci-info: +-------+-------------+----------+-----------------+-----------+-------+
[   14.495404] cloud-init[673]: ci-info: |   0   |   0.0.0.0   | 10.0.2.2 |     0.0.0.0     |   enp0s3  |   UG  |
[   14.499083] cloud-init[673]: ci-info: |   1   |   10.0.2.0  | 0.0.0.0  |  255.255.255.0  |   enp0s3  |   U   |
[   14.502368] cloud-init[673]: ci-info: |   2   |   10.0.2.2  | 0.0.0.0  | 255.255.255.255 |   enp0s3  |   UH  |
[   14.505449] cloud-init[673]: ci-info: +-------+-------------+----------+-----------------+-----------+-------+
[   14.508296] cloud-init[673]: ci-info: +++++++++++++++++++Route IPv6 info+++++++++++++++++++
[   14.510718] cloud-init[673]: ci-info: +-------+-------------+---------+-----------+-------+
[   14.513213] cloud-init[673]: ci-info: | Route | Destination | Gateway | Interface | Flags |
[   14.515661] cloud-init[673]: ci-info: +-------+-------------+---------+-----------+-------+
[   14.518116] cloud-init[673]: ci-info: |   1   |  fe80::/64  |    ::   |   enp0s3  |   U   |
[   14.520532] cloud-init[673]: ci-info: |   3   |    local    |    ::   |   enp0s3  |   U   |
[   14.522941] cloud-init[673]: ci-info: |   4   |   ff00::/8  |    ::   |   enp0s3  |   U   |
[   14.525331] cloud-init[673]: ci-info: +-------+-------------+---------+-----------+-------+
[   16.552138] cloud-init[673]: Generating public/private rsa key pair.
[   16.554322] cloud-init[673]: Your identification has been saved in /etc/ssh/ssh_host_rsa_key.
[   16.556969] cloud-init[673]: Your public key has been saved in /etc/ssh/ssh_host_rsa_key.pub.
[   16.559619] cloud-init[673]: The key fingerprint is:
[   16.561113] cloud-init[673]: SHA256:QZXZ8DFGpykNQLuO31xk+Hv1Phx3AzUu60TBNx+9hDw root@ubuntu-bionic
[   16.563688] cloud-init[673]: The key's randomart image is:
[   16.565285] cloud-init[673]: +---[RSA 2048]----+
[   16.566676] cloud-init[673]: |       .+o+*B o .|
[   16.568097] cloud-init[673]: |       . .o=.E B.|
[   16.569485] cloud-init[673]: |        o . = B *|
[   16.570912] cloud-init[673]: |         o o + o.|
[   16.572287] cloud-init[673]: |        S . + +  |
[   16.573715] cloud-init[673]: |       o   + o o+|
[   16.575125] cloud-init[673]: |      . .   = ..*|
[   16.576480] cloud-init[673]: |       . o . o.o.|
[   16.577887] cloud-init[673]: |        . o .. .o|
[   16.579205] cloud-init[673]: +----[SHA256]-----+
[   16.580352] cloud-init[673]: Generating public/private dsa key pair.
[   16.581982] cloud-init[673]: Your identification has been saved in /etc/ssh/ssh_host_dsa_key.
[   16.584427] cloud-init[673]: Your public key has been saved in /etc/ssh/ssh_host_dsa_key.pub.
[   16.586871] cloud-init[673]: The key fingerprint is:
[   16.588307] cloud-init[673]: SHA256:3hEmN1ERD0e7ls8yD44kBhIukGWFnBroR8FewG5UITU root@ubuntu-bionic
[   16.591022] cloud-init[673]: The key's randomart image is:
[   16.592695] cloud-init[673]: +---[DSA 1024]----+
[   16.594170] cloud-init[673]: | .o=BEo   ..=+o  |
[   16.595587] cloud-init[673]: |. .O=..    . + . |
[   16.597025] cloud-init[673]: |. Bo. . . =   o  |
[   16.598438] cloud-init[673]: | ..* . . + o   o |
[   16.599831] cloud-init[673]: |  o . o S .   +  |
[   16.601225] cloud-init[673]: |     . o o . . o |
[   16.602642] cloud-init[673]: |        . + . + o|
[   16.604026] cloud-init[673]: |         . o o = |
[   16.605398] cloud-init[673]: |            . . .|
[   16.606799] cloud-init[673]: +----[SHA256]-----+
[   16.608169] cloud-init[673]: Generating public/private ecdsa key pair.
[   16.610073] cloud-init[673]: Your identification has been saved in /etc/ssh/ssh_host_ecdsa_key.
[   16.612591] cloud-init[673]: Your public key has been saved in /etc/ssh/ssh_host_ecdsa_key.pub.
[   16.615113] cloud-init[673]: The key fingerprint is:
[   16.616599] cloud-init[673]: SHA256:9qdq4nIOirVr4/dJGWsYXr1cmnkhnkjmq4CR6WJbfg8 root@ubuntu-bionic
[   16.619190] cloud-init[673]: The key's randomart image is:
[   16.620763] cloud-init[673]: +---[ECDSA 256]---+
[   16.622188] cloud-init[673]: |                 |
[   16.623584] cloud-init[673]: |                 |
[   16.625010] cloud-init[673]: |                 |
[   16.626444] cloud-init[673]: | o     .         |
[   16.627845] cloud-init[673]: |+   . = S o      |
[   16.629201] cloud-init[673]: |.o . B O X .     |
[   16.630629] cloud-init[673]: |ooo.+EB O o .    |
[   16.632022] cloud-init[673]: |oo*+o=+o.. o     |
[   16.633384] cloud-init[673]: |.+==oBB+...      |
[   16.634805] cloud-init[673]: +----[SHA256]-----+
[   16.636193] cloud-init[673]: Generating public/private ed25519 key pair.
[   16.638119] cloud-init[673]: Your identification has been saved in /etc/ssh/ssh_host_ed25519_key.
[   16.640697] cloud-init[673]: Your public key has been saved in /etc/ssh/ssh_host_ed25519_key.pub.
[   16.643473] cloud-init[673]: The key fingerprint is:
[   16.645009] cloud-init[673]: SHA256:NnS4oAR4Q4KJkgIGEpCUopcLBLnPgAZJWVlTv9WCWdk root@ubuntu-bionic
[   16.647584] cloud-init[673]: The key's randomart image is:
[   16.649271] cloud-init[673]: +--[ED25519 256]--+
[   16.650696] cloud-init[673]: |^&*.oo..   .o    |
[   16.652096] cloud-init[673]: |^=oo  . ..+..E   |
[   16.653527] cloud-init[673]: |Oo o. . o+.o .   |
[   16.654940] cloud-init[673]: |*.o. . o oo .    |
[   16.656295] cloud-init[673]: |.* ..   S.       |
[   16.657689] cloud-init[673]: |  +    . .       |
[   16.659098] cloud-init[673]: |                 |
[   16.660446] cloud-init[673]: |                 |
[   16.661865] cloud-init[673]: |                 |
[   16.663290] cloud-init[673]: +----[SHA256]-----+
[[0;32m  OK  [0m] Started Initial cloud-init job (metadata service crawler).
[[0;32m  OK  [0m] Reached target Cloud-config availability.
[[0;32m  OK  [0m] Reached target Network is Online.
         Starting Availability of block devices...
[[0;32m  OK  [0m] Reached target Remote File Systems (Pre).
[[0;32m  OK  [0m] Reached target Remote File Systems.
[[0;32m  OK  [0m] Reached target System Initialization.
         Starting Socket activation for snappy daemon.
[[0;32m  OK  [0m] Listening on UUID daemon activation socket.
[[0;32m  OK  [0m] Listening on Open-iSCSI iscsid Socket.
[[0;32m  OK  [0m] Started Message of the Day.
[[0;32m  OK  [0m] Started Daily Cleanup of Temporary Directories.
[[0;32m  OK  [0m] Started Daily apt download activities.
[[0;32m  OK  [0m] Listening on D-Bus System Message Bus Socket.
[[0;32m  OK  [0m] Listening on ACPID Listen Socket.
[[0;32m  OK  [0m] Started ACPI Events Check.
[[0;32m  OK  [0m] Reached target Paths.
[[0;32m  OK  [0m] Started Discard unused blocks once a week.
[[0;32m  OK  [0m] Started Daily apt upgrade and clean activities.
[[0;32m  OK  [0m] Reached target Timers.
         Starting LXD - unix socket.
[[0;32m  OK  [0m] Listening on Socket activation for snappy daemon.
[[0;32m  OK  [0m] Listening on LXD - unix socket.
[[0;32m  OK  [0m] Reached target Sockets.
[[0;32m  OK  [0m] Reached target Basic System.
         Starting Login Service...
         Starting Dispatcher daemon for systemd-networkd...
[[0;32m  OK  [0m] Started irqbalance daemon.
         Starting Accounts Service...
[[0;32m  OK  [0m] Started FUSE filesystem for LXC.
         Starting System Logging Service...
         Starting Virtualbox guest utils...
[[0;32m  OK  [0m] Started D-Bus System Message Bus.
         Starting LSB: automatic crash report generation...
         Starting LXD - container startup/shutdown...
         Starting Permit User Sessions...
[[0;32m  OK  [0m] Started Deferred execution scheduler.
         Starting LSB: Record successful boot for GRUB...
         Starting Pollinate to seed the pseudo random number generator...
[[0;32m  OK  [0m] Started Regular background program processing daemon.
         Starting Snappy daemon...
[[0;32m  OK  [0m] Started System Logging Service.
[[0;32m  OK  [0m] Started Availability of block devices.
[[0;32m  OK  [0m] Started Permit User Sessions.
[[0;32m  OK  [0m] Started Login Service.
         Starting Authorization Manager...
[[0;32m  OK  [0m] Started Unattended Upgrades Shutdown.
         Starting Terminate Plymouth Boot Screen...
         Starting Hold until boot process finishes up...
[[0;32m  OK  [0m] Started Terminate Plymouth Boot Screen.
[[0;32m  OK  [0m] Started Hold until boot process finishes up.
         Starting Set console scheme...
[[0;32m  OK  [0m] Started Serial Getty on ttyS0.
[[0;32m  OK  [0m] Started Set console scheme.
[[0;32m  OK  [0m] Created slice system-getty.slice.
[[0;32m  OK  [0m] Started Getty on tty1.
[[0;32m  OK  [0m] Reached target Login Prompts.
[[0;32m  OK  [0m] Started LSB: automatic crash report generation.
[[0;32m  OK  [0m] Started Dispatcher daemon for systemd-networkd.
[[0;32m  OK  [0m] Started Authorization Manager.
[[0;32m  OK  [0m] Started LSB: Record successful boot for GRUB.
[[0;32m  OK  [0m] Started Accounts Service.
[[0;32m  OK  [0m] Started Virtualbox guest utils.
[[0;32m  OK  [0m] Started LXD - container startup/shutdown.
[[0;32m  OK  [0m] Started Snappy daemon.
         Starting Wait until snapd is fully seeded...
[[0;32m  OK  [0m] Started Pollinate to seed the pseudo random number generator.
         Starting OpenBSD Secure Shell server...
[[0;32m  OK  [0m] Started OpenBSD Secure Shell server.
[[0;32m  OK  [0m] Created slice User Slice of vagrant.
         Starting User Manager for UID 1000...
[[0;32m  OK  [0m] Started Session 1 of user vagrant.
[[0;32m  OK  [0m] Started User Manager for UID 1000.
[[0;32m  OK  [0m] Started Wait until snapd is fully seeded.
[[0;32m  OK  [0m] Reached target Multi-User System.
[[0;32m  OK  [0m] Reached target Graphical Interface.
         Starting Update UTMP about System Runlevel Changes...
         Starting Apply the settings specified in cloud-config...
[[0;32m  OK  [0m] Started Update UTMP about System Runlevel Changes.
[   23.372062] cloud-init[1337]: Cloud-init v. 19.3-41-gc4735dd3-0ubuntu1~18.04.1 running 'modules:config' at Tue, 28 Jan 2020 09:03:28 +0000. Up 21.98 seconds.
ci-info: no authorized ssh keys fingerprints found for user ubuntu.
<14>Jan 28 09:03:30 ec2: 
<14>Jan 28 09:03:30 ec2: #############################################################
<14>Jan 28 09:03:30 ec2: -----BEGIN SSH HOST KEY FINGERPRINTS-----
<14>Jan 28 09:03:30 ec2: 1024 SHA256:3hEmN1ERD0e7ls8yD44kBhIukGWFnBroR8FewG5UITU root@ubuntu-bionic (DSA)
<14>Jan 28 09:03:30 ec2: 256 SHA256:9qdq4nIOirVr4/dJGWsYXr1cmnkhnkjmq4CR6WJbfg8 root@ubuntu-bionic (ECDSA)
<14>Jan 28 09:03:30 ec2: 256 SHA256:NnS4oAR4Q4KJkgIGEpCUopcLBLnPgAZJWVlTv9WCWdk root@ubuntu-bionic (ED25519)
<14>Jan 28 09:03:30 ec2: 2048 SHA256:QZXZ8DFGpykNQLuO31xk+Hv1Phx3AzUu60TBNx+9hDw root@ubuntu-bionic (RSA)
<14>Jan 28 09:03:30 ec2: -----END SSH HOST KEY FINGERPRINTS-----
<14>Jan 28 09:03:30 ec2: #############################################################
-----BEGIN SSH HOST KEY KEYS-----
ecdsa-sha2-nistp256 AAAAE2VjZHNhLXNoYTItbmlzdHAyNTYAAAAIbmlzdHAyNTYAAABBBMUa2YFVKI5HDn5PqANI90FIGbtxjpML9/aos0g9Hp1v79KsErvxYFFrwU5NZuid5flLen3xlsdsV9teo6U4yyY= root@ubuntu-bionic
ssh-ed25519 AAAAC3NzaC1lZDI1NTE5AAAAIC1HmalX4MlL10uWYJuNfmmlzEUv8Lmc7DIciGUIV4Ru root@ubuntu-bionic
ssh-rsa AAAAB3NzaC1yc2EAAAADAQABAAABAQC/sP07h7SQQE6crVV46PMd/ACTaXsKuUYIkIR3ZWSIzf2pxZ1IGhxw0vPCiBGEKpYpQwL7ChaC5ntgSRPScLJKvLMagyXDMurqXJJM54Y4uPsETZIZcIHwqOHRogf1BZA83nOk+F0FPxNAr3mXVeXK7VRaVKfgrapd+pQsy8BH0m63iRTqXY3xkHlALTSkAGTvhN4iAuvpQRboWZq8bDSSN/utwy3j4/mcxlqMZTRR7aMJxaBK1Aet0uv0ih4K04BFfg4PH2bNcr+UzkPsQkGpPhohi/CB6nMNu1TDeShOOtQLhrAhaQxSkzAeaBszO0n9La7NlqltD1I73zcVsfF1 root@ubuntu-bionic
-----END SSH HOST KEY KEYS-----
[   24.055465] cloud-init[1444]: Cloud-init v. 19.3-41-gc4735dd3-0ubuntu1~18.04.1 running 'modules:final' at Tue, 28 Jan 2020 09:03:30 +0000. Up 23.83 seconds.
[   24.055611] cloud-init[1444]: ci-info: no authorized ssh keys fingerprints found for user ubuntu.
[   24.055718] cloud-init[1444]: Cloud-init v. 19.3-41-gc4735dd3-0ubuntu1~18.04.1 finished at Tue, 28 Jan 2020 09:03:30 +0000. Datasource DataSourceNoCloud [seed=/dev/sdb][dsmode=net].  Up 24.04 seconds

Ubuntu 18.04.3 LTS ubuntu-bionic ttyS0

ubuntu-bionic login: [[0;32m  OK  [0m] Stopped target Timers.
[[0;32m  OK  [0m] Stopped Message of the Day.
[[0;32m  OK  [0m] Stopped Discard unused blocks once a week.
[[0;32m  OK  [0m] Closed Load/Save RF Kill Switch Status /dev/rfkill Watch.
         Stopping User Manager for UID 1000...
[[0;32m  OK  [0m] Stopped target Cloud-init target.
[[0;32m  OK  [0m] Stopped Execute cloud user/final scripts.
[[0;32m  OK  [0m] Stopped Daily apt upgrade and clean activities.
[[0;32m  OK  [0m] Stopped Daily Cleanup of Temporary Directories.
         Stopping Session 5 of user vagrant.
[[0;32m  OK  [0m] Stopped target Graphical Interface.
[[0;32m  OK  [0m] Stopped target Multi-User System.
         Stopping The Apache HTTP Server...
         Stopping Regular background program processing daemon...
         Stopping irqbalance daemon...
         Stopping OpenBSD Secure Shell server...
         Stopping System Logging Service...
         Stopping Virtualbox guest utils...
         Stopping Deferred execution scheduler...
         Stopping D-Bus System Message Bus...
         Stopping LSB: Record successful boot for GRUB...
         Stopping LXD - container startup/shutdown...
         Stopping Unattended Upgrades Shutdown...
[[0;32m  OK  [0m] Stopped target Login Prompts.
         Stopping Serial Getty on ttyS0...
         Stopping Getty on tty1...
         Stopping Accounts Service...
         Stopping LSB: automatic crash report generation...
[[0;32m  OK  [0m] Stopped Apply the settings specified in cloud-config.
[[0;32m  OK  [0m] Stopped target Cloud-config availability.
[[0;32m  OK  [0m] Stopped target Network is Online.
[[0;32m  OK  [0m] Stopped Wait until snapd is fully seeded.
         Stopping Dispatcher daemon for systemd-networkd...
         Stopping Authorization Manager...
         Stopping Availability of block devices...
[[0;32m  OK  [0m] Stopped Daily apt download activities.
[[0;32m  OK  [0m] Stopped target System Time Synchronized.
         Stopping FUSE filesystem for LXC...
[[0;32m  OK  [0m] Unmounted /var/lib/lxcfs.
[[0;32m  OK  [0m] Stopped Dispatcher daemon for systemd-networkd.
[[0;32m  OK  [0m] Stopped irqbalance daemon.
[[0;32m  OK  [0m] Stopped Accounts Service.
[[0;32m  OK  [0m] Stopped System Logging Service.
[[0;32m  OK  [0m] Stopped Deferred execution scheduler.
[[0;32m  OK  [0m] Stopped Regular background program processing daemon.
[[0;32m  OK  [0m] Stopped Authorization Manager.
[[0;32m  OK  [0m] Stopped Unattended Upgrades Shutdown.
[[0;32m  OK  [0m] Stopped Serial Getty on ttyS0.
[[0;32m  OK  [0m] Stopped Getty on tty1.
[[0;32m  OK  [0m] Stopped OpenBSD Secure Shell server.
[[0;32m  OK  [0m] Stopped User Manager for UID 1000.
[[0;32m  OK  [0m] Stopped The Apache HTTP Server.
[[0;32m  OK  [0m] Stopped D-Bus System Message Bus.
[[0;32m  OK  [0m] Stopped Availability of block devices.
[[0;32m  OK  [0m] Stopped FUSE filesystem for LXC.
[[0;32m  OK  [0m] Stopped Session 5 of user vagrant.
[[0;32m  OK  [0m] Stopped LXD - container startup/shutdown.
[[0;32m  OK  [0m] Stopped target Host and Network Name Lookups.
[[0;32m  OK  [0m] Removed slice User Slice of vagrant.
[[0;32m  OK  [0m] Removed slice system-getty.slice.
         Stopping Permit User Sessions...
[[0;32m  OK  [0m] Removed slice system-serial\x2dgetty.slice.
         Stopping Login Service...
[[0;32m  OK  [0m] Stopped LSB: Record successful boot for GRUB.
[[0;32m  OK  [0m] Stopped Permit User Sessions.
[[0;32m  OK  [0m] Stopped target Network.
         Stopping Network Name Resolution...
[[0;32m  OK  [0m] Stopped LSB: automatic crash report generation.
[[0;32m  OK  [0m] Stopped target Remote File Systems.
[[0;32m  OK  [0m] Stopped target Remote File Systems (Pre).
[[0;32m  OK  [0m] Stopped Network Name Resolution.
[[0;32m  OK  [0m] Stopped Virtualbox guest utils.
[[0;32m  OK  [0m] Stopped Login Service.
[[0;32m  OK  [0m] Stopped target User and Group Name Lookups.
[[0;32m  OK  [0m] Stopped target Basic System.
[[0;32m  OK  [0m] Stopped target Sockets.
[[0;32m  OK  [0m] Closed Open-iSCSI iscsid Socket.
[[0;32m  OK  [0m] Closed Syslog Socket.
[[0;32m  OK  [0m] Closed ACPID Listen Socket.
[[0;32m  OK  [0m] Closed UUID daemon activation socket.
[[0;32m  OK  [0m] Closed LXD - unix socket.
[[0;32m  OK  [0m] Closed Socket activation for snappy daemon.
[[0;32m  OK  [0m] Stopped target Slices.
[[0;32m  OK  [0m] Removed slice User and Session Slice.
[[0;32m  OK  [0m] Stopped target Paths.
[[0;32m  OK  [0m] Stopped ACPI Events Check.
[[0;32m  OK  [0m] Closed D-Bus System Message Bus Socket.
[[0;32m  OK  [0m] Stopped target System Initialization.
[[0;32m  OK  [0m] Stopped target Local Encrypted Volumes.
[[0;32m  OK  [0m] Stopped Forward Password Requests to Wall Directory Watch.
[[0;32m  OK  [0m] Stopped Dispatch Password Requests to Console Directory Watch.
         Stopping Update UTMP about System Boot/Shutdown...
[[0;32m  OK  [0m] Stopped Initial cloud-init job (metadata service crawler).
[[0;32m  OK  [0m] Stopped Wait for Network to be Configured.
         Stopping Network Service...
[[0;32m  OK  [0m] Stopped Commit a transient machine-id on disk.
         Stopping Load/Save Random Seed...
[[0;32m  OK  [0m] Stopped Update UTMP about System Boot/Shutdown.
[[0;32m  OK  [0m] Stopped Create Volatile Files and Directories.
[[0;32m  OK  [0m] Stopped target Local File Systems.
         Unmounting /run/user/1000...
         Unmounting /vagrant...
[[0;32m  OK  [0m] Stopped Load/Save Random Seed.
[[0;32m  OK  [0m] Stopped Network Service.
[[0;32m  OK  [0m] Stopped Apply Kernel Variables.
[[0;32m  OK  [0m] Stopped Load Kernel Modules.
[[0;32m  OK  [0m] Stopped target Network (Pre).
[[0;32m  OK  [0m] Stopped Initial cloud-init job (pre-networking).
[[0;32m  OK  [0m] Unmounted /vagrant.
[[0;32m  OK  [0m] Unmounted /run/user/1000.
[[0;32m  OK  [0m] Reached target Unmount All Filesystems.
[[0;32m  OK  [0m] Stopped target Swap.
[[0;32m  OK  [0m] Stopped target Local File Systems (Pre).
[[0;32m  OK  [0m] Stopped Remount Root and Kernel File Systems.
[[0;32m  OK  [0m] Stopped Create Static Device Nodes in /dev.
[[0;32m  OK  [0m] Reached target Shutdown.
[[0;32m  OK  [0m] Reached target Final Step.
         Starting Power-Off...
         Stopping Monitoring of LVM2 mirrorsâ€¦ng dmeventd or progress polling...
[  263.140309] reboot: Power down
